Microchip MPLAB XC8 Compiler V2.36

Linker command line:

-W-3 --edf=C:\Program Files\Microchip\xc8\v2.36\pic\dat\en_msgs.txt \
  -pivt0x8=08h -cn -h+dist/default/production\adcAvarage.X.production.sym \
  --cmf=dist/default/production\adcAvarage.X.production.cmf -z -Q18F57Q43 \
  -oC:\Users\M67732\AppData\Local\Temp\xcAsdoo.4 --defsym=__MPLAB_BUILD=1 \
  -Mdist/default/production/adcAvarage.X.production.map \
  --md=C:\Users\M67732\AppData\Local\Temp\xcAsdoo.dat -E1 -ver=XC8 Compiler \
  --acfsm=1493 -ACODE=00h-01FFFFh -ACONST=00h-01FFFFh \
  -ASMALLCONST=02500h-025FFhx475 \
  -AMEDIUMCONST=02500h-0FFFFh,012500h-01FFFFh -ACOMRAM=0501h-055Fh \
  -AABS1=0500h-024FFh -ABIGRAM=0501h-024FFh \
  -ARAM=0560h-05FFh,0600h-06FFhx31 -ABANK5=0560h-05FFh -ABANK6=0600h-06FFh \
  -ABANK7=0700h-07FFh -ABANK8=0800h-08FFh -ABANK9=0900h-09FFh \
  -ABANK10=0A00h-0AFFh -ABANK11=0B00h-0BFFh -ABANK12=0C00h-0CFFh \
  -ABANK13=0D00h-0DFFh -ABANK14=0E00h-0EFFh -ABANK15=0F00h-0FFFh \
  -ABANK16=01000h-010FFh -ABANK17=01100h-011FFh -ABANK18=01200h-012FFh \
  -ABANK19=01300h-013FFh -ABANK20=01400h-014FFh -ABANK21=01500h-015FFh \
  -ABANK22=01600h-016FFh -ABANK23=01700h-017FFh -ABANK24=01800h-018FFh \
  -ABANK25=01900h-019FFh -ABANK26=01A00h-01AFFh -ABANK27=01B00h-01BFFh \
  -ABANK28=01C00h-01CFFh -ABANK29=01D00h-01DFFh -ABANK30=01E00h-01EFFh \
  -ABANK31=01F00h-01FFFh -ABANK32=02000h-020FFh -ABANK33=02100h-021FFh \
  -ABANK34=02200h-022FFh -ABANK35=02300h-023FFh -ABANK36=02400h-024FFh \
  -ASFR=00h-0FFhx4,0400h-045Fh,0460h-04FFh,02500h-025FFh \
  -ABIGSFR=00h-04FFh,02500h-025FFh -ACONFIG=0300000h-0300011h \
  -AIDLOC=0200000h-020003Fh -AEEDATA=0380000h-03803FFh -peeprom_data=EEDATA \
  -preset_vec=00h -ppowerup=CODE,init -pramtop=02500h \
  -psmallconst=SMALLCONST -pmediumconst=MEDIUMCONST -pconst=CONST \
  -AFARRAM=00h-00h \
  -prdata=COMRAM,nvrram=COMRAM,nvbit=COMRAM,rbss=COMRAM,rbit=COMRAM \
  -pfarbss=FARRAM,fardata=FARRAM,nvFARRAM=FARRAM \
  -pintsave_regs=BIGRAM,bigbss=BIGRAM,bigdata=BIGRAM -pbss=RAM \
  -pidata=CODE,irdata=CODE,ibigdata=CODE,ifardata=CODE -prparam=COMRAM \
  C:\Users\M67732\AppData\Local\Temp\xcAsdoo.o \
  dist/default/production\adcAvarage.X.production.o 

Object code version is 3.11

Machine type is 18F57Q43



                Name                               Link     Load   Length Selector   Space Scale
C:\Users\M67732\AppData\Local\Temp\xcAsdoo.o
                idloc                            200000   200000       40        0       5
                config                           300000   300000        A        0       4
                init                                102      102        4        4       0
                reset_vec                             0        0        4        0       0
dist/default/production\adcAvarage.X.production.o
                idloc                            200000   200000       40        0       5
                config                           300000   300000        A        0       4
                smallconst                         2500     2500       80     1280       0
                ivt0x8                                8        8       FA        4       0
                text77                             9112     9112       2A     230B       0
                text76                             920E     920E        2     230B       0
                text75                             8E26     8E26       44     230B       0
                text74                             7552     7552      17E     12C0       0
                text73                             7248     7248      188     12C0       0
                text72                             7836     7836      164     12C0       0
                text71                             8EAC     8EAC       40     230B       0
                text70                             91A6     91A6       18     230B       0
                text69                             91FE     91FE        A     230B       0
                text68                             8940     8940       96     12C0       0
                text67                             8DE2     8DE2       44     230B       0
                text66                             9012     9012       3A     230B       0
                text65                             8466     8466       C6     12C0       0
                text64                             67D6     67D6      2EC     12C0       0
                text63                             852C     852C       C4     12C0       0
                text62                             86A2     86A2       B0     12C0       0
                text61                             6134     6134      39A     12C0       0
                text60                             87FE     87FE       AA     12C0       0
                text59                             7DD0     7DD0      104     12C0       0
                text58                             594A     594A      44E     12C0       0
                text57                             9084     9084       38     230B       0
                text56                             4FEE     4FEE      4C0     12C0       0
                text55                             8D9C     8D9C       46     230B       0
                text54                             7CCA     7CCA      106     12C0       0
                text53                             7FD4     7FD4       FE     12C0       0
                text52                             6CD8     6CD8      212     12C0       0
                text51                             8B1A     8B1A       66     12C0       0
                text50                             920C     920C        2     230B       0
                text49                             8D56     8D56       46     230B       0
                text48                             3238     3238      C68     12C0       0
                text47                             81CE     81CE       FA     12C0       0
                text46                             44F4     44F4      638     12C0       0
                text45                             89D6     89D6       72     12C0       0
                text44                             9164     9164       28     230B       0
                text43                             90E8     90E8       2A     230B       0
                text42                             8C2C     8C2C       52     230B       0
                text41                             6EEA     6EEA      1B8     12C0       0
                text40                             8B80     8B80       56     12C0       0
                text39                             9208     9208        4     230B       0
                text38                             91D4     91D4       10     230B       0
                text37                             91F2     91F2        C     230B       0
                text36                             91BE     91BE       16     230B       0
                text35                             90BC     90BC       2C     230B       0
                text34                             8FD8     8FD8       3A     230B       0
                text33                             8BD6     8BD6       54     12C0       0
                text32                             73D0     73D0      182     12C0       0
                text31                             70A2     70A2      1A6     12C0       0
                text30                             76D0     76D0      166     12C0       0
                text29                             8E6A     8E6A       42     230B       0
                text28                             918C     918C       1A     230B       0
                text27                             91E4     91E4        E     230B       0
                text26                             88A8     88A8       98     12C0       0
                text25                             8D0E     8D0E       48     230B       0
                text24                             8EEC     8EEC       3E     230B       0
                text23                             82C8     82C8       D8     12C0       0
                text22                             64CE     64CE      308     12C0       0
                text21                             83A0     83A0       C6     12C0       0
                text20                             85F0     85F0       B2     12C0       0
                text19                             5D98     5D98      39C     12C0       0
                text18                             8752     8752       AC     12C0       0
                text17                             7BC4     7BC4      106     12C0       0
                text16                             54AE     54AE      49C     12C0       0
                text15                             8F9E     8F9E       3A     230B       0
                text14                             4B2C     4B2C      4C2     12C0       0
                text13                             8CC6     8CC6       48     230B       0
                text12                             7ABC     7ABC      108     12C0       0
                text11                             7ED4     7ED4      100     12C0       0
                text10                             6AC2     6AC2      216     12C0       0
                text9                              8AB2     8AB2       68     12C0       0
                text8                              8F64     8F64       3A     230B       0
                text7                              8C7E     8C7E       48     230B       0
                text6                              2580     2580      CB8     12C0       0
                text5                              80D2     80D2       FC     12C0       0
                text4                              3EA0     3EA0      654     12C0       0
                text3                              8A48     8A48       6A     12C0       0
                text2                              913C     913C       28     230B       0
                text1                              8F2A     8F2A       3A     230B       0
                text0                              799A     799A      122     12C0       0
                cstackCOMRAM                        501      501       5F      501       1
                cstackBANK5                         560      560       58      560       1
                cstackBANK6                         600      600       B1      600       1
                bssBANK7                            700      700       50      700       1
                bssBANK6                            6B1      6B1        A      600       1
                bssBANK5                            5B8      5B8        8      560       1
                cinit                              904C     904C       38     230B       0

TOTAL           Name                               Link     Load   Length     Space
        CLASS   CODE           
                init                                102      102        4         0
                reset_vec                             0        0        4         0
                ivt0x8                                8        8       FA         0
                text77                             9112     9112       2A         0
                text76                             920E     920E        2         0
                text75                             8E26     8E26       44         0
                text74                             7552     7552      17E         0
                text73                             7248     7248      188         0
                text72                             7836     7836      164         0
                text71                             8EAC     8EAC       40         0
                text70                             91A6     91A6       18         0
                text69                             91FE     91FE        A         0
                text68                             8940     8940       96         0
                text67                             8DE2     8DE2       44         0
                text66                             9012     9012       3A         0
                text65                             8466     8466       C6         0
                text64                             67D6     67D6      2EC         0
                text63                             852C     852C       C4         0
                text62                             86A2     86A2       B0         0
                text61                             6134     6134      39A         0
                text60                             87FE     87FE       AA         0
                text59                             7DD0     7DD0      104         0
                text58                             594A     594A      44E         0
                text57                             9084     9084       38         0
                text56                             4FEE     4FEE      4C0         0
                text55                             8D9C     8D9C       46         0
                text54                             7CCA     7CCA      106         0
                text53                             7FD4     7FD4       FE         0
                text52                             6CD8     6CD8      212         0
                text51                             8B1A     8B1A       66         0
                text50                             920C     920C        2         0
                text49                             8D56     8D56       46         0
                text48                             3238     3238      C68         0
                text47                             81CE     81CE       FA         0
                text46                             44F4     44F4      638         0
                text45                             89D6     89D6       72         0
                text44                             9164     9164       28         0
                text43                             90E8     90E8       2A         0
                text42                             8C2C     8C2C       52         0
                text41                             6EEA     6EEA      1B8         0
                text40                             8B80     8B80       56         0
                text39                             9208     9208        4         0
                text38                             91D4     91D4       10         0
                text37                             91F2     91F2        C         0
                text36                             91BE     91BE       16         0
                text35                             90BC     90BC       2C         0
                text34                             8FD8     8FD8       3A         0
                text33                             8BD6     8BD6       54         0
                text32                             73D0     73D0      182         0
                text31                             70A2     70A2      1A6         0
                text30                             76D0     76D0      166         0
                text29                             8E6A     8E6A       42         0
                text28                             918C     918C       1A         0
                text27                             91E4     91E4        E         0
                text26                             88A8     88A8       98         0
                text25                             8D0E     8D0E       48         0
                text24                             8EEC     8EEC       3E         0
                text23                             82C8     82C8       D8         0
                text22                             64CE     64CE      308         0
                text21                             83A0     83A0       C6         0
                text20                             85F0     85F0       B2         0
                text19                             5D98     5D98      39C         0
                text18                             8752     8752       AC         0
                text17                             7BC4     7BC4      106         0
                text16                             54AE     54AE      49C         0
                text15                             8F9E     8F9E       3A         0
                text14                             4B2C     4B2C      4C2         0
                text13                             8CC6     8CC6       48         0
                text12                             7ABC     7ABC      108         0
                text11                             7ED4     7ED4      100         0
                text10                             6AC2     6AC2      216         0
                text9                              8AB2     8AB2       68         0
                text8                              8F64     8F64       3A         0
                text7                              8C7E     8C7E       48         0
                text6                              2580     2580      CB8         0
                text5                              80D2     80D2       FC         0
                text4                              3EA0     3EA0      654         0
                text3                              8A48     8A48       6A         0
                text2                              913C     913C       28         0
                text1                              8F2A     8F2A       3A         0
                text0                              799A     799A      122         0
                cinit                              904C     904C       38         0

        CLASS   CONST          

        CLASS   SMALLCONST     
                smallconst                         2500     2500       80         0

        CLASS   MEDIUMCONST    

        CLASS   COMRAM         
                cstackCOMRAM                        501      501       5F         1

        CLASS   ABS1           

        CLASS   BIGRAM         

        CLASS   RAM            

        CLASS   BANK5          
                cstackBANK5                         560      560       58         1
                bssBANK5                            5B8      5B8        8         1

        CLASS   BANK6          
                cstackBANK6                         600      600       B1         1
                bssBANK6                            6B1      6B1        A         1

        CLASS   BANK7          
                bssBANK7                            700      700       50         1

        CLASS   BANK8          

        CLASS   BANK9          

        CLASS   BANK10         

        CLASS   BANK11         

        CLASS   BANK12         

        CLASS   BANK13         

        CLASS   BANK14         

        CLASS   BANK15         

        CLASS   BANK16         

        CLASS   BANK17         

        CLASS   BANK18         

        CLASS   BANK19         

        CLASS   BANK20         

        CLASS   BANK21         

        CLASS   BANK22         

        CLASS   BANK23         

        CLASS   BANK24         

        CLASS   BANK25         

        CLASS   BANK26         

        CLASS   BANK27         

        CLASS   BANK28         

        CLASS   BANK29         

        CLASS   BANK30         

        CLASS   BANK31         

        CLASS   BANK32         

        CLASS   BANK33         

        CLASS   BANK34         

        CLASS   BANK35         

        CLASS   BANK36         

        CLASS   SFR            

        CLASS   BIGSFR         

        CLASS   CONFIG         
                config                           300000   300000        A         4

        CLASS   IDLOC          
                idloc                            200000   200000       40         5

        CLASS   EEDATA         

        CLASS   FARRAM         

        CLASS   HEAP           

        CLASS   STACK          



SEGMENTS        Name                           Load    Length   Top    Selector   Space  Class

                reset_vec                      000000  000004  000004         0       0  CODE    
                ivt0x8                         000008  0000FE  000106         4       0  CODE    
                cstackCOMRAM                   000501  00005F  000560       501       1  COMRAM  
                cstackBANK5                    000560  000060  0005C0       560       1  BANK5   
                cstackBANK6                    000600  0000BB  0006BB       600       1  BANK6   
                bssBANK7                       000700  000050  000750       700       1  BANK7   
                smallconst                     002500  000080  002580      1280       0  SMALLCON
                text6                          002580  0066AA  008C2A      12C0       0  CODE    
                text42                         008C2C  0005E4  009210      230B       0  CODE    


UNUSED ADDRESS RANGES

        Name                Unused          Largest block    Delta
        BANK10           000A00-000AFF              100
        BANK11           000B00-000BFF              100
        BANK12           000C00-000CFF              100
        BANK13           000D00-000DFF              100
        BANK14           000E00-000EFF              100
        BANK15           000F00-000FFF              100
        BANK16           001000-0010FF              100
        BANK17           001100-0011FF              100
        BANK18           001200-0012FF              100
        BANK19           001300-0013FF              100
        BANK20           001400-0014FF              100
        BANK21           001500-0015FF              100
        BANK22           001600-0016FF              100
        BANK23           001700-0017FF              100
        BANK24           001800-0018FF              100
        BANK25           001900-0019FF              100
        BANK26           001A00-001AFF              100
        BANK27           001B00-001BFF              100
        BANK28           001C00-001CFF              100
        BANK29           001D00-001DFF              100
        BANK30           001E00-001EFF              100
        BANK31           001F00-001FFF              100
        BANK32           002000-0020FF              100
        BANK33           002100-0021FF              100
        BANK34           002200-0022FF              100
        BANK35           002300-0023FF              100
        BANK36           002400-0024FF              100
        BANK5            0005C0-0005FF               40
        BANK6            0006BB-0006FF               45
        BANK7            000750-0007FF               B0
        BANK8            000800-0008FF              100
        BANK9            000900-0009FF              100
        BIGRAM           0005C0-0005FF               40
                         0006BB-0006FF               45
                         000750-0024FF             1DB0
        BIGSFR           000000-0004FF              500
                         002500-0025FF              100
        CODE             000004-000007                4
                         000106-0024FF             23FA
                         008C2A-008C2B                2
                         009210-01FFFF            16DF0
        CONFIG           30000A-300011                8
        CONST            000004-000007                4
                         000106-0024FF             23FA
                         008C2A-008C2B                2
                         009210-01FFFF            16DF0
        EEDATA           380000-3803FF              400
        MEDIUMCONST      008C2A-008C2B                2
                         009210-00FFFF             6DF0
                         012500-01FFFF             DB00
        RAM              0005C0-0005FF               40
                         0006BB-0006FF               45
                         000750-0024FF              100
        SFR              000000-0004FF              100
                         002500-0025FF              100
        SMALLCONST       008C2A-008C2B                2
                         009210-01FFFF              100

                                  Symbol Table

?___aodiv                          cstackBANK5  0005A0
?___aomod                          cstackBANK5  0005A0
?___awdiv                          cstackBANK5  0005A0
?___awmod                          cstackBANK5  0005A0
?___fladd                          cstackBANK5  0005A0
?___fldiv                          cstackBANK6  000611
?___flmul                          cstackBANK5  0005AE
?___flneg                          cstackBANK5  0005A0
?___flsub                          cstackBANK6  000611
?___fltol                          cstackBANK5  0005A0
?___fpclassifyf                    cstackBANK5  0005A0
?___wmul                           cstackBANK5  0005A0
?___xxtofl                         cstackBANK5  0005A0
?_abs                              cstackBANK5  0005B2
?_atoi                             cstackBANK5  0005A7
?_dtoa                             cstackBANK6  00060A
?_efgtoa                           cstackBANK6  00063E
?_floorf                           cstackBANK6  00062A
?_isdigit                          cstackBANK5  0005A0
?_isspace                          cstackBANK5  0005A0
?_isupper                          cstackBANK5  0005A0
?_pad                              cstackBANK5  0005B2
?_printf                           cstackBANK6  00069E
?_readAdcvalue                     cstackBANK5  0005A0
?_strlen                           cstackBANK5  0005A0
?_strncmp                          cstackBANK5  0005A0
?_tolower                          cstackBANK5  0005A6
?_vfpfcnvrt                        cstackBANK6  00067C
?_vfprintf                         cstackBANK6  000696
?i2___aodiv                        cstackCOMRAM 000501
?i2___aomod                        cstackCOMRAM 000501
?i2___awdiv                        cstackCOMRAM 000501
?i2___awmod                        cstackCOMRAM 000501
?i2___fladd                        cstackCOMRAM 000501
?i2___fldiv                        cstackCOMRAM 000501
?i2___flmul                        cstackCOMRAM 000501
?i2___flneg                        cstackCOMRAM 000501
?i2___flsub                        cstackCOMRAM 00051A
?i2___fltol                        cstackCOMRAM 000501
?i2___fpclassifyf                  cstackCOMRAM 000501
?i2___wmul                         cstackCOMRAM 000501
?i2_abs                            cstackCOMRAM 000513
?i2_atoi                           cstackCOMRAM 000507
?i2_dtoa                           cstackCOMRAM 00051E
?i2_efgtoa                         cstackCOMRAM 00052E
?i2_floorf                         cstackCOMRAM 00051A
?i2_pad                            cstackCOMRAM 000513
?i2_printf                         cstackBANK5  00059E
?i2_strlen                         cstackCOMRAM 000501
?i2_strncmp                        cstackCOMRAM 000501
?i2_tolower                        cstackCOMRAM 000503
?i2_vfpfcnvrt                      cstackBANK5  000592
?i2_vfprintf                       cstackBANK5  000598
IVTBASEH                           (abs)        00045E
IVTBASEL                           (abs)        00045D
IVTBASEU                           (abs)        00045F
_ADCON0bits                        (abs)        0003F3
_ADCON2bits                        (abs)        0003F5
_ADCON3bits                        (abs)        0003F6
_ADERRH                            (abs)        0003DE
_ADLTH                             (abs)        0003D9
_ADPCH                             (abs)        0003EC
_ADRESH                            (abs)        0003EB
_ADRESL                            (abs)        0003EA
_ADRPT                             (abs)        0003E7
_ADSTATbits                        (abs)        0003F7
_ADSTPT                            (abs)        0003DF
_ADUTH                             (abs)        0003DB
_ANSELAbits                        (abs)        000400
_INTCON0bits                       (abs)        0004D6
_INTERRUPT_InterruptMAnger         text42       008C2C
_OSCCON1                           (abs)        0000AD
_OSCFRQ                            (abs)        0000B1
_PIE2bits                          (abs)        0004A0
_PIR1bits                          (abs)        0004AF
_PIR2bits                          (abs)        0004B0
_PIR4bits                          (abs)        0004B2
_RF0PPS                            (abs)        000229
_TRISAbits                         (abs)        0004C6
_TRISFbits                         (abs)        0004CB
_U1BRG                             (abs)        0002AE
_U1CON0bits                        (abs)        0002AB
_U1CON1bits                        (abs)        0002AC
_U1TXB                             (abs)        0002A3
__HRAM                             (abs)        000000
__Habs1                            abs1         000000
__Hbank10                          bank10       000000
__Hbank11                          bank11       000000
__Hbank12                          bank12       000000
__Hbank13                          bank13       000000
__Hbank14                          bank14       000000
__Hbank15                          bank15       000000
__Hbank16                          bank16       000000
__Hbank17                          bank17       000000
__Hbank18                          bank18       000000
__Hbank19                          bank19       000000
__Hbank20                          bank20       000000
__Hbank21                          bank21       000000
__Hbank22                          bank22       000000
__Hbank23                          bank23       000000
__Hbank24                          bank24       000000
__Hbank25                          bank25       000000
__Hbank26                          bank26       000000
__Hbank27                          bank27       000000
__Hbank28                          bank28       000000
__Hbank29                          bank29       000000
__Hbank30                          bank30       000000
__Hbank31                          bank31       000000
__Hbank32                          bank32       000000
__Hbank33                          bank33       000000
__Hbank34                          bank34       000000
__Hbank35                          bank35       000000
__Hbank36                          bank36       000000
__Hbank5                           bank5        000000
__Hbank6                           bank6        000000
__Hbank7                           bank7        000000
__Hbank8                           bank8        000000
__Hbank9                           bank9        000000
__Hbigbss                          bigbss       000000
__Hbigdata                         bigdata      000000
__Hbigram                          bigram       000000
__Hbigsfr                          bigsfr       000000
__Hbss                             bss          000000
__HbssBANK5                        bssBANK5     000000
__HbssBANK6                        bssBANK6     000000
__HbssBANK7                        bssBANK7     000000
__Hcinit                           cinit        000000
__Hclrtext                         clrtext      000000
__Hcomram                          comram       000000
__Hconfig                          config       30000A
__Hconst                           const        000000
__HcstackBANK5                     cstackBANK5  000000
__HcstackBANK6                     cstackBANK6  000000
__HcstackCOMRAM                    cstackCOMRAM 000000
__Hdata                            data         000000
__Heeprom_data                     eeprom_data  000000
__Hfarbss                          farbss       000000
__Hfardata                         fardata      000000
__Hheap                            heap         000000
__Hibigdata                        ibigdata     000000
__Hidata                           idata        000000
__Hidloc                           idloc        200040
__Hifardata                        ifardata     000000
__Hinit                            init         000106
__Hintsave_regs                    intsave_regs 000000
__Hirdata                          irdata       000000
__Hivt0x8                          ivt0x8       000102
__Hmediumconst                     mediumconst  000000
__HnvFARRAM                        nvFARRAM     000000
__Hnvbit                           nvbit        000000
__Hnvrram                          nvrram       000000
__Hparam                           rparam       000000
__Hpowerup                         powerup      000000
__Hram                             ram          000000
__Hramtop                          ramtop       002500
__Hrbit                            rbit         000000
__Hrbss                            rbss         000000
__Hrdata                           rdata        000000
__Hreset_vec                       reset_vec    000004
__Hrparam                          rparam       000000
__Hsfr                             sfr          000000
__Hsmallconst                      smallconst   002580
__Hspace_0                         (abs)        009210
__Hspace_1                         (abs)        000750
__Hspace_2                         (abs)        000000
__Hspace_4                         (abs)        60000A
__Hstack                           stack        000000
__Hstruct                          struct       000000
__Htemp                            temp         000000
__Htext                            text         000000
__Htext0                           text0        000000
__Htext1                           text1        000000
__Htext10                          text10       000000
__Htext11                          text11       000000
__Htext12                          text12       000000
__Htext13                          text13       000000
__Htext14                          text14       000000
__Htext15                          text15       000000
__Htext16                          text16       000000
__Htext17                          text17       000000
__Htext18                          text18       000000
__Htext19                          text19       000000
__Htext2                           text2        000000
__Htext20                          text20       000000
__Htext21                          text21       000000
__Htext22                          text22       000000
__Htext23                          text23       000000
__Htext24                          text24       000000
__Htext25                          text25       000000
__Htext26                          text26       000000
__Htext27                          text27       000000
__Htext28                          text28       000000
__Htext29                          text29       000000
__Htext3                           text3        000000
__Htext30                          text30       000000
__Htext31                          text31       000000
__Htext32                          text32       000000
__Htext33                          text33       000000
__Htext34                          text34       000000
__Htext35                          text35       000000
__Htext36                          text36       000000
__Htext37                          text37       000000
__Htext38                          text38       000000
__Htext39                          text39       000000
__Htext4                           text4        000000
__Htext40                          text40       000000
__Htext41                          text41       000000
__Htext42                          text42       000000
__Htext43                          text43       000000
__Htext44                          text44       000000
__Htext45                          text45       000000
__Htext46                          text46       000000
__Htext47                          text47       000000
__Htext48                          text48       000000
__Htext49                          text49       000000
__Htext5                           text5        000000
__Htext50                          text50       000000
__Htext51                          text51       000000
__Htext52                          text52       000000
__Htext53                          text53       000000
__Htext54                          text54       000000
__Htext55                          text55       000000
__Htext56                          text56       000000
__Htext57                          text57       000000
__Htext58                          text58       000000
__Htext59                          text59       000000
__Htext6                           text6        000000
__Htext60                          text60       000000
__Htext61                          text61       000000
__Htext62                          text62       000000
__Htext63                          text63       000000
__Htext64                          text64       000000
__Htext65                          text65       000000
__Htext66                          text66       000000
__Htext67                          text67       000000
__Htext68                          text68       000000
__Htext69                          text69       000000
__Htext7                           text7        000000
__Htext70                          text70       000000
__Htext71                          text71       000000
__Htext72                          text72       000000
__Htext73                          text73       000000
__Htext74                          text74       000000
__Htext75                          text75       000000
__Htext76                          text76       000000
__Htext77                          text77       000000
__Htext8                           text8        000000
__Htext9                           text9        000000
__LRAM                             (abs)        000001
__Labs1                            abs1         000000
__Lbank10                          bank10       000000
__Lbank11                          bank11       000000
__Lbank12                          bank12       000000
__Lbank13                          bank13       000000
__Lbank14                          bank14       000000
__Lbank15                          bank15       000000
__Lbank16                          bank16       000000
__Lbank17                          bank17       000000
__Lbank18                          bank18       000000
__Lbank19                          bank19       000000
__Lbank20                          bank20       000000
__Lbank21                          bank21       000000
__Lbank22                          bank22       000000
__Lbank23                          bank23       000000
__Lbank24                          bank24       000000
__Lbank25                          bank25       000000
__Lbank26                          bank26       000000
__Lbank27                          bank27       000000
__Lbank28                          bank28       000000
__Lbank29                          bank29       000000
__Lbank30                          bank30       000000
__Lbank31                          bank31       000000
__Lbank32                          bank32       000000
__Lbank33                          bank33       000000
__Lbank34                          bank34       000000
__Lbank35                          bank35       000000
__Lbank36                          bank36       000000
__Lbank5                           bank5        000000
__Lbank6                           bank6        000000
__Lbank7                           bank7        000000
__Lbank8                           bank8        000000
__Lbank9                           bank9        000000
__Lbigbss                          bigbss       000000
__Lbigdata                         bigdata      000000
__Lbigram                          bigram       000000
__Lbigsfr                          bigsfr       000000
__Lbss                             bss          000000
__LbssBANK5                        bssBANK5     000000
__LbssBANK6                        bssBANK6     000000
__LbssBANK7                        bssBANK7     000000
__Lcinit                           cinit        000000
__Lclrtext                         clrtext      000000
__Lcomram                          comram       000000
__Lconfig                          config       000000
__Lconst                           const        000000
__LcstackBANK5                     cstackBANK5  000000
__LcstackBANK6                     cstackBANK6  000000
__LcstackCOMRAM                    cstackCOMRAM 000000
__Ldata                            data         000000
__Leeprom_data                     eeprom_data  000000
__Lfarbss                          farbss       000000
__Lfardata                         fardata      000000
__Lheap                            heap         000000
__Libigdata                        ibigdata     000000
__Lidata                           idata        000000
__Lidloc                           idloc        000000
__Lifardata                        ifardata     000000
__Linit                            init         000102
__Lintsave_regs                    intsave_regs 000000
__Lirdata                          irdata       000000
__Livt0x8                          ivt0x8       000008
__Lmediumconst                     mediumconst  000000
__LnvFARRAM                        nvFARRAM     000000
__Lnvbit                           nvbit        000000
__Lnvrram                          nvrram       000000
__Lparam                           rparam       000000
__Lpowerup                         powerup      000000
__Lram                             ram          000000
__Lramtop                          ramtop       002500
__Lrbit                            rbit         000000
__Lrbss                            rbss         000000
__Lrdata                           rdata        000000
__Lreset_vec                       reset_vec    000000
__Lrparam                          rparam       000000
__Lsfr                             sfr          000000
__Lsmallconst                      smallconst   002500
__Lspace_0                         (abs)        000000
__Lspace_1                         (abs)        000000
__Lspace_2                         (abs)        000000
__Lspace_4                         (abs)        000000
__Lstack                           stack        000000
__Lstruct                          struct       000000
__Ltemp                            temp         000000
__Ltext                            text         000000
__Ltext0                           text0        000000
__Ltext1                           text1        000000
__Ltext10                          text10       000000
__Ltext11                          text11       000000
__Ltext12                          text12       000000
__Ltext13                          text13       000000
__Ltext14                          text14       000000
__Ltext15                          text15       000000
__Ltext16                          text16       000000
__Ltext17                          text17       000000
__Ltext18                          text18       000000
__Ltext19                          text19       000000
__Ltext2                           text2        000000
__Ltext20                          text20       000000
__Ltext21                          text21       000000
__Ltext22                          text22       000000
__Ltext23                          text23       000000
__Ltext24                          text24       000000
__Ltext25                          text25       000000
__Ltext26                          text26       000000
__Ltext27                          text27       000000
__Ltext28                          text28       000000
__Ltext29                          text29       000000
__Ltext3                           text3        000000
__Ltext30                          text30       000000
__Ltext31                          text31       000000
__Ltext32                          text32       000000
__Ltext33                          text33       000000
__Ltext34                          text34       000000
__Ltext35                          text35       000000
__Ltext36                          text36       000000
__Ltext37                          text37       000000
__Ltext38                          text38       000000
__Ltext39                          text39       000000
__Ltext4                           text4        000000
__Ltext40                          text40       000000
__Ltext41                          text41       000000
__Ltext42                          text42       000000
__Ltext43                          text43       000000
__Ltext44                          text44       000000
__Ltext45                          text45       000000
__Ltext46                          text46       000000
__Ltext47                          text47       000000
__Ltext48                          text48       000000
__Ltext49                          text49       000000
__Ltext5                           text5        000000
__Ltext50                          text50       000000
__Ltext51                          text51       000000
__Ltext52                          text52       000000
__Ltext53                          text53       000000
__Ltext54                          text54       000000
__Ltext55                          text55       000000
__Ltext56                          text56       000000
__Ltext57                          text57       000000
__Ltext58                          text58       000000
__Ltext59                          text59       000000
__Ltext6                           text6        000000
__Ltext60                          text60       000000
__Ltext61                          text61       000000
__Ltext62                          text62       000000
__Ltext63                          text63       000000
__Ltext64                          text64       000000
__Ltext65                          text65       000000
__Ltext66                          text66       000000
__Ltext67                          text67       000000
__Ltext68                          text68       000000
__Ltext69                          text69       000000
__Ltext7                           text7        000000
__Ltext70                          text70       000000
__Ltext71                          text71       000000
__Ltext72                          text72       000000
__Ltext73                          text73       000000
__Ltext74                          text74       000000
__Ltext75                          text75       000000
__Ltext76                          text76       000000
__Ltext77                          text77       000000
__Ltext8                           text8        000000
__Ltext9                           text9        000000
__S0                               (abs)        009210
__S1                               (abs)        000750
__S4                               (abs)        000000
__S5                               (abs)        000000
___aodiv                           text31       0070A2
___aodiv@counter                   cstackBANK6  000600
___aodiv@dividend                  cstackBANK5  0005A0
___aodiv@divisor                   cstackBANK5  0005A8
___aodiv@quotient                  cstackBANK6  000602
___aodiv@sign                      cstackBANK6  000601
___aomod                           text30       0076D0
___aomod@counter                   cstackBANK5  0005B0
___aomod@dividend                  cstackBANK5  0005A0
___aomod@divisor                   cstackBANK5  0005A8
___aomod@sign                      cstackBANK5  0005B1
___awdiv                           text21       0083A0
___awdiv@counter                   cstackBANK5  0005A4
___awdiv@dividend                  cstackBANK5  0005A0
___awdiv@divisor                   cstackBANK5  0005A2
___awdiv@quotient                  cstackBANK5  0005A6
___awdiv@sign                      cstackBANK5  0005A5
___awmod                           text20       0085F0
___awmod@counter                   cstackBANK5  0005A4
___awmod@dividend                  cstackBANK5  0005A0
___awmod@divisor                   cstackBANK5  0005A2
___awmod@sign                      cstackBANK5  0005A5
___fladd                           text14       004B2C
___fladd@a                         cstackBANK5  0005A4
___fladd@aexp                      cstackBANK5  0005AD
___fladd@b                         cstackBANK5  0005A0
___fladd@bexp                      cstackBANK5  0005AE
___fladd@grs                       cstackBANK5  0005AF
___fladd@signs                     cstackBANK5  0005AC
___fldiv                           text19       005D98
___fldiv@a                         cstackBANK6  000615
___fldiv@aexp                      cstackBANK6  000629
___fldiv@b                         cstackBANK6  000611
___fldiv@bexp                      cstackBANK6  000628
___fldiv@grs                       cstackBANK6  000624
___fldiv@new_exp                   cstackBANK6  000622
___fldiv@rem                       cstackBANK6  00061D
___fldiv@sign                      cstackBANK6  000621
___fleq                            text18       008752
___fleq@ff1                        cstackBANK5  0005A0
___fleq@ff2                        cstackBANK5  0005A4
___flge                            text17       007BC4
___flge@ff1                        cstackBANK6  000611
___flge@ff2                        cstackBANK6  000615
___flmul                           text16       0054AE
___flmul@a                         cstackBANK5  0005B2
___flmul@aexp                      cstackBANK6  000605
___flmul@b                         cstackBANK5  0005AE
___flmul@bexp                      cstackBANK6  00060A
___flmul@grs                       cstackBANK6  000606
___flmul@prod                      cstackBANK6  00060B
___flmul@sign                      cstackBANK6  000604
___flmul@temp                      cstackBANK6  00060F
___flneg                           text15       008F9E
___flneg@f1                        cstackBANK5  0005A0
___flsub                           text13       008CC6
___flsub@a                         cstackBANK6  000615
___flsub@b                         cstackBANK6  000611
___fltol                           text12       007ABC
___fltol@exp1                      cstackBANK5  0005A9
___fltol@f1                        cstackBANK5  0005A0
___fltol@sign1                     cstackBANK5  0005A8
___fpclassifyf                     text11       007ED4
___fpclassifyf@F465                bssBANK5     0005B8
___fpclassifyf@e                   cstackBANK5  0005A8
___fpclassifyf@u                   cstackBANK5  0005AA
___fpclassifyf@x                   cstackBANK5  0005A0
___heap_hi                         (abs)        000000
___heap_lo                         (abs)        000000
___inthi_sp                        stack        000000
___intlo_sp                        stack        000000
___param_bank                      (abs)        000000
___rparam_used                     (abs)        000001
___sp                              stack        000000
___wmul                            text35       0090BC
___wmul@multiplicand               cstackBANK5  0005A2
___wmul@multiplier                 cstackBANK5  0005A0
___wmul@product                    cstackBANK5  0005A4
___xxtofl                          text41       006EEA
___xxtofl@arg                      cstackBANK5  0005AA
___xxtofl@exp                      cstackBANK5  0005A9
___xxtofl@sign                     cstackBANK5  0005A8
___xxtofl@val                      cstackBANK5  0005A0
__accesstop                        (abs)        000560
__activetblptr                     (abs)        000003
__end_of_INTERRUPT_InterruptMAnger text42       008C7E
__end_of___aodiv                   text31       007248
__end_of___aomod                   text30       007836
__end_of___awdiv                   text21       008466
__end_of___awmod                   text20       0086A2
__end_of___fladd                   text14       004FEE
__end_of___fldiv                   text19       006134
__end_of___fleq                    text18       0087FE
__end_of___flge                    text17       007CCA
__end_of___flmul                   text16       00594A
__end_of___flneg                   text15       008FD8
__end_of___flsub                   text13       008D0E
__end_of___fltol                   text12       007BC4
__end_of___fpclassifyf             text11       007FD4
__end_of___wmul                    text35       0090E8
__end_of___xxtofl                  text41       0070A2
__end_of__initialization           cinit        00907E
__end_of_abs                       text29       008EAC
__end_of_adcc_ThresholdISR         text43       009112
__end_of_atoi                      text32       007552
__end_of_dtoa                      text22       0067D6
__end_of_efgtoa                    text6        003238
__end_of_floorf                    text10       006CD8
__end_of_fputc                     text26       008940
__end_of_fputs                     text25       008D56
__end_of_initAdc                   text40       008BD6
__end_of_initInterrupt             text39       00920C
__end_of_initPort                  text38       0091E4
__end_of_initSysClk                text37       0091FE
__end_of_initUsart                 text36       0091D4
__end_of_isdigit                   text34       009012
__end_of_isspace                   text33       008C2A
__end_of_isupper                   text8        008F9E
__end_of_main                      text0        007ABC
__end_of_pad                       text23       0083A0
__end_of_printf                    text2        009164
__end_of_putch                     text27       0091F2
__end_of_readAdcvalue              text1        008F64
__end_of_strcpy                    text9        008B1A
__end_of_strlen                    text24       008F2A
__end_of_strncmp                   text5        0081CE
__end_of_tolower                   text7        008CC6
__end_of_vfpfcnvrt                 text4        0044F4
__end_of_vfprintf                  text3        008AB2
__end_of_writeUsart                text28       0091A6
__end_ofi2___aodiv                 text73       0073D0
__end_ofi2___aomod                 text72       00799A
__end_ofi2___awdiv                 text63       0085F0
__end_ofi2___awmod                 text62       008752
__end_ofi2___fladd                 text56       0054AE
__end_ofi2___fldiv                 text61       0064CE
__end_ofi2___fleq                  text60       0088A8
__end_ofi2___flge                  text59       007ED4
__end_ofi2___flmul                 text58       005D98
__end_ofi2___flneg                 text57       0090BC
__end_ofi2___flsub                 text55       008DE2
__end_ofi2___fltol                 text54       007DD0
__end_ofi2___fpclassifyf           text53       0080D2
__end_ofi2___wmul                  text77       00913C
__end_ofi2_abs                     text71       008EEC
__end_ofi2_atoi                    text74       0076D0
__end_ofi2_dtoa                    text64       006AC2
__end_ofi2_efgtoa                  text48       003EA0
__end_ofi2_floorf                  text52       006EEA
__end_ofi2_fputc                   text68       0089D6
__end_ofi2_fputs                   text67       008E26
__end_ofi2_isdigit                 text76       009210
__end_ofi2_isspace                 text75       008E6A
__end_ofi2_isupper                 text50       00920E
__end_ofi2_pad                     text65       00852C
__end_ofi2_printf                  text44       00918C
__end_ofi2_putch                   text69       009208
__end_ofi2_strcpy                  text51       008B80
__end_ofi2_strlen                  text66       00904C
__end_ofi2_strncmp                 text47       0082C8
__end_ofi2_tolower                 text49       008D9C
__end_ofi2_vfpfcnvrt               text46       004B2C
__end_ofi2_vfprintf                text45       008A48
__end_ofi2_writeUsart              text70       0091BE
__initialization                   cinit        00904C
__mediumconst                      mediumconst  000000
__pbssBANK5                        bssBANK5     0005B8
__pbssBANK6                        bssBANK6     0006B1
__pbssBANK7                        bssBANK7     000700
__pcinit                           cinit        00904C
__pcstackBANK5                     cstackBANK5  000560
__pcstackBANK6                     cstackBANK6  000600
__pcstackCOMRAM                    cstackCOMRAM 000501
__pivt0x8                          ivt0x8       000008
__psmallconst                      smallconst   002500
__ptext0                           text0        00799A
__ptext1                           text1        008F2A
__ptext10                          text10       006AC2
__ptext11                          text11       007ED4
__ptext12                          text12       007ABC
__ptext13                          text13       008CC6
__ptext14                          text14       004B2C
__ptext15                          text15       008F9E
__ptext16                          text16       0054AE
__ptext17                          text17       007BC4
__ptext18                          text18       008752
__ptext19                          text19       005D98
__ptext2                           text2        00913C
__ptext20                          text20       0085F0
__ptext21                          text21       0083A0
__ptext22                          text22       0064CE
__ptext23                          text23       0082C8
__ptext24                          text24       008EEC
__ptext25                          text25       008D0E
__ptext26                          text26       0088A8
__ptext27                          text27       0091E4
__ptext28                          text28       00918C
__ptext29                          text29       008E6A
__ptext3                           text3        008A48
__ptext30                          text30       0076D0
__ptext31                          text31       0070A2
__ptext32                          text32       0073D0
__ptext33                          text33       008BD6
__ptext34                          text34       008FD8
__ptext35                          text35       0090BC
__ptext36                          text36       0091BE
__ptext37                          text37       0091F2
__ptext38                          text38       0091D4
__ptext39                          text39       009208
__ptext4                           text4        003EA0
__ptext40                          text40       008B80
__ptext41                          text41       006EEA
__ptext42                          text42       008C2C
__ptext43                          text43       0090E8
__ptext44                          text44       009164
__ptext45                          text45       0089D6
__ptext46                          text46       0044F4
__ptext47                          text47       0081CE
__ptext48                          text48       003238
__ptext49                          text49       008D56
__ptext5                           text5        0080D2
__ptext50                          text50       00920C
__ptext51                          text51       008B1A
__ptext52                          text52       006CD8
__ptext53                          text53       007FD4
__ptext54                          text54       007CCA
__ptext55                          text55       008D9C
__ptext56                          text56       004FEE
__ptext57                          text57       009084
__ptext58                          text58       00594A
__ptext59                          text59       007DD0
__ptext6                           text6        002580
__ptext60                          text60       0087FE
__ptext61                          text61       006134
__ptext62                          text62       0086A2
__ptext63                          text63       00852C
__ptext64                          text64       0067D6
__ptext65                          text65       008466
__ptext66                          text66       009012
__ptext67                          text67       008DE2
__ptext68                          text68       008940
__ptext69                          text69       0091FE
__ptext7                           text7        008C7E
__ptext70                          text70       0091A6
__ptext71                          text71       008EAC
__ptext72                          text72       007836
__ptext73                          text73       007248
__ptext74                          text74       007552
__ptext75                          text75       008E26
__ptext76                          text76       00920E
__ptext77                          text77       009112
__ptext8                           text8        008F64
__ptext9                           text9        008AB2
__ramtop                           ramtop       002500
__smallconst                       smallconst   002500
_abs                               text29       008E6A
_adcc_ThresholdISR                 text43       0090E8
_atoi                              text32       0073D0
_dbuf                              bssBANK7     000700
_dtoa                              text22       0064CE
_dtoa$1207                         cstackBANK6  00061C
_efgtoa                            text6        002580
_efgtoa$1231                       cstackBANK6  00064A
_efgtoa$1238                       cstackBANK6  00064C
_efgtoa$1239                       cstackBANK6  00064E
_err                               bssBANK5     0005BE
_flags                             bssBANK5     0005BC
_floorf                            text10       006AC2
_fputc                             text26       0088A8
_fputs                             text25       008D0E
_initAdc                           text40       008B80
_initInterrupt                     text39       009208
_initPort                          text38       0091D4
_initSysClk                        text37       0091F2
_initUsart                         text36       0091BE
_isdigit                           text34       008FD8
_isspace                           text33       008BD6
_isspace$1320                      cstackBANK5  0005A6
_isupper                           text8        008F64
_main                              text0        00799A
_nout                              bssBANK6     0006B5
_pad                               text23       0082C8
_prec                              bssBANK6     0006B9
_printf                            text2        00913C
_putch                             text27       0091E4
_readAdcvalue                      text1        008F2A
_strcpy                            text9        008AB2
_strlen                            text24       008EEC
_strncmp                           text5        0080D2
_tolower                           text7        008C7E
_vfpfcnvrt                         text4        003EA0
_vfprintf                          text3        008A48
_width                             bssBANK6     0006B7
_writeUsart                        text28       00918C
abs@a                              cstackBANK5  0005B2
atoi@n                             cstackBANK5  0005AF
atoi@neg                           cstackBANK5  0005AD
atoi@s                             cstackBANK5  0005A7
dtoa@d                             cstackBANK6  00060C
dtoa@fp                            cstackBANK6  00060A
dtoa@i                             cstackBANK6  00062C
dtoa@n                             cstackBANK6  000624
dtoa@p                             cstackBANK6  00061E
dtoa@s                             cstackBANK6  000622
dtoa@w                             cstackBANK6  000620
efgtoa@c                           cstackBANK6  000644
efgtoa@d                           cstackBANK6  00065C
efgtoa@e                           cstackBANK6  000674
efgtoa@f                           cstackBANK6  000640
efgtoa@fp                          cstackBANK6  00063E
efgtoa@g                           cstackBANK6  000670
efgtoa@h                           cstackBANK6  000666
efgtoa@i                           cstackBANK6  00066E
efgtoa@l                           cstackBANK6  00066A
efgtoa@m                           cstackBANK6  000656
efgtoa@mode                        cstackBANK6  000665
efgtoa@n                           cstackBANK6  000676
efgtoa@ne                          cstackBANK6  000654
efgtoa@nmode                       cstackBANK6  000664
efgtoa@ou                          cstackBANK6  000658
efgtoa@p                           cstackBANK6  000660
efgtoa@pp                          cstackBANK6  000652
efgtoa@sign                        cstackBANK6  00065E
efgtoa@t                           cstackBANK6  000650
efgtoa@u                           cstackBANK6  000678
efgtoa@w                           cstackBANK6  000662
end_of_initialization              cinit        00907E
floorf@F526                        bssBANK6     0006B1
floorf@e                           cstackBANK6  000638
floorf@m                           cstackBANK6  000634
floorf@u                           cstackBANK6  00063A
floorf@x                           cstackBANK6  00062A
fputc@c                            cstackBANK5  0005A2
fputc@fp                           cstackBANK5  0005A4
fputs@c                            cstackBANK5  0005AF
fputs@fp                           cstackBANK5  0005AD
fputs@i                            cstackBANK5  0005B0
fputs@s                            cstackBANK5  0005AB
i2___aodiv                         text73       007248
i2___aodiv@counter                 cstackCOMRAM 000511
i2___aodiv@dividend                cstackCOMRAM 000501
i2___aodiv@divisor                 cstackCOMRAM 000509
i2___aodiv@quotient                cstackCOMRAM 000513
i2___aodiv@sign                    cstackCOMRAM 000512
i2___aomod                         text72       007836
i2___aomod@counter                 cstackCOMRAM 000511
i2___aomod@dividend                cstackCOMRAM 000501
i2___aomod@divisor                 cstackCOMRAM 000509
i2___aomod@sign                    cstackCOMRAM 000512
i2___awdiv                         text63       00852C
i2___awdiv@counter                 cstackCOMRAM 000505
i2___awdiv@dividend                cstackCOMRAM 000501
i2___awdiv@divisor                 cstackCOMRAM 000503
i2___awdiv@quotient                cstackCOMRAM 000507
i2___awdiv@sign                    cstackCOMRAM 000506
i2___awmod                         text62       0086A2
i2___awmod@counter                 cstackCOMRAM 000505
i2___awmod@dividend                cstackCOMRAM 000501
i2___awmod@divisor                 cstackCOMRAM 000503
i2___awmod@sign                    cstackCOMRAM 000506
i2___fladd                         text56       004FEE
i2___fladd@a                       cstackCOMRAM 000505
i2___fladd@aexp                    cstackCOMRAM 00050E
i2___fladd@b                       cstackCOMRAM 000501
i2___fladd@bexp                    cstackCOMRAM 00050F
i2___fladd@grs                     cstackCOMRAM 000510
i2___fladd@signs                   cstackCOMRAM 00050D
i2___fldiv                         text61       006134
i2___fldiv@a                       cstackCOMRAM 000505
i2___fldiv@aexp                    cstackCOMRAM 000519
i2___fldiv@b                       cstackCOMRAM 000501
i2___fldiv@bexp                    cstackCOMRAM 000518
i2___fldiv@grs                     cstackCOMRAM 000514
i2___fldiv@new_exp                 cstackCOMRAM 000512
i2___fldiv@rem                     cstackCOMRAM 00050D
i2___fldiv@sign                    cstackCOMRAM 000511
i2___fleq                          text60       0087FE
i2___fleq@ff1                      cstackCOMRAM 000501
i2___fleq@ff2                      cstackCOMRAM 000505
i2___flge                          text59       007DD0
i2___flge@ff1                      cstackCOMRAM 00051A
i2___flge@ff2                      cstackCOMRAM 00051E
i2___flmul                         text58       00594A
i2___flmul@a                       cstackCOMRAM 000505
i2___flmul@aexp                    cstackCOMRAM 00050E
i2___flmul@b                       cstackCOMRAM 000501
i2___flmul@bexp                    cstackCOMRAM 000513
i2___flmul@grs                     cstackCOMRAM 00050F
i2___flmul@prod                    cstackCOMRAM 000514
i2___flmul@sign                    cstackCOMRAM 00050D
i2___flmul@temp                    cstackCOMRAM 000518
i2___flneg                         text57       009084
i2___flneg@f1                      cstackCOMRAM 000501
i2___flsub                         text55       008D9C
i2___flsub@a                       cstackCOMRAM 00051E
i2___flsub@b                       cstackCOMRAM 00051A
i2___fltol                         text54       007CCA
i2___fltol@exp1                    cstackCOMRAM 00050A
i2___fltol@f1                      cstackCOMRAM 000501
i2___fltol@sign1                   cstackCOMRAM 000509
i2___fpclassifyf                   text53       007FD4
i2___fpclassifyf@e                 cstackCOMRAM 000509
i2___fpclassifyf@u                 cstackCOMRAM 00050B
i2___fpclassifyf@x                 cstackCOMRAM 000501
i2___wmul                          text77       009112
i2___wmul@multiplicand             cstackCOMRAM 000503
i2___wmul@multiplier               cstackCOMRAM 000501
i2___wmul@product                  cstackCOMRAM 000505
i2_abs                             text71       008EAC
i2_atoi                            text74       007552
i2_dtoa                            text64       0067D6
i2_dtoa$1207                       cstackCOMRAM 000530
i2_efgtoa                          text48       003238
i2_efgtoa$1231                     cstackBANK5  000560
i2_efgtoa$1238                     cstackBANK5  000562
i2_efgtoa$1239                     cstackBANK5  000564
i2_floorf                          text52       006CD8
i2_fputc                           text68       008940
i2_fputs                           text67       008DE2
i2_isdigit                         text76       00920E
i2_isspace                         text75       008E26
i2_isupper                         text50       00920C
i2_pad                             text65       008466
i2_printf                          text44       009164
i2_putch                           text69       0091FE
i2_strcpy                          text51       008B1A
i2_strlen                          text66       009012
i2_strncmp                         text47       0081CE
i2_tolower                         text49       008D56
i2_vfpfcnvrt                       text46       0044F4
i2_vfprintf                        text45       0089D6
i2_writeUsart                      text70       0091A6
i2abs@a                            cstackCOMRAM 000513
i2atoi@n                           cstackCOMRAM 00050F
i2atoi@neg                         cstackCOMRAM 00050D
i2atoi@s                           cstackCOMRAM 000507
i2dtoa@d                           cstackCOMRAM 000520
i2dtoa@fp                          cstackCOMRAM 00051E
i2dtoa@i                           cstackCOMRAM 000540
i2dtoa@n                           cstackCOMRAM 000538
i2dtoa@p                           cstackCOMRAM 000532
i2dtoa@s                           cstackCOMRAM 000536
i2dtoa@w                           cstackCOMRAM 000534
i2efgtoa@c                         cstackCOMRAM 000534
i2efgtoa@d                         cstackBANK5  000572
i2efgtoa@e                         cstackBANK5  00058A
i2efgtoa@f                         cstackCOMRAM 000530
i2efgtoa@fp                        cstackCOMRAM 00052E
i2efgtoa@g                         cstackBANK5  000586
i2efgtoa@h                         cstackBANK5  00057C
i2efgtoa@i                         cstackBANK5  000584
i2efgtoa@l                         cstackBANK5  000580
i2efgtoa@m                         cstackBANK5  00056C
i2efgtoa@mode                      cstackBANK5  00057B
i2efgtoa@n                         cstackBANK5  00058C
i2efgtoa@ne                        cstackBANK5  00056A
i2efgtoa@nmode                     cstackBANK5  00057A
i2efgtoa@ou                        cstackBANK5  00056E
i2efgtoa@p                         cstackBANK5  000576
i2efgtoa@pp                        cstackBANK5  000568
i2efgtoa@sign                      cstackBANK5  000574
i2efgtoa@t                         cstackBANK5  000566
i2efgtoa@u                         cstackBANK5  00058E
i2efgtoa@w                         cstackBANK5  000578
i2floorf@e                         cstackCOMRAM 000528
i2floorf@m                         cstackCOMRAM 000524
i2floorf@u                         cstackCOMRAM 00052A
i2floorf@x                         cstackCOMRAM 00051A
i2fputc@c                          cstackCOMRAM 000503
i2fputc@fp                         cstackCOMRAM 000505
i2fputs@c                          cstackCOMRAM 000510
i2fputs@fp                         cstackCOMRAM 00050E
i2fputs@i                          cstackCOMRAM 000511
i2fputs@s                          cstackCOMRAM 00050C
i2isdigit@c                        cstackCOMRAM 000501
i2isspace@c                        cstackCOMRAM 000501
i2isupper@c                        cstackCOMRAM 000501
i2pad@buf                          cstackCOMRAM 000515
i2pad@fp                           cstackCOMRAM 000513
i2pad@i                            cstackCOMRAM 00051A
i2pad@p                            cstackCOMRAM 000517
i2pad@w                            cstackCOMRAM 00051C
i2printf@ap                        cstackCOMRAM 000558
i2printf@fmt                       cstackBANK5  00059E
i2putch@txData                     cstackCOMRAM 000502
i2strcpy@d                         cstackCOMRAM 000509
i2strcpy@dest                      cstackCOMRAM 000501
i2strcpy@s                         cstackCOMRAM 000507
i2strcpy@src                       cstackCOMRAM 000503
i2strlen@a                         cstackCOMRAM 000503
i2strlen@s                         cstackCOMRAM 000501
i2strncmp@_l                       cstackCOMRAM 000501
i2strncmp@_r                       cstackCOMRAM 000503
i2strncmp@l                        cstackCOMRAM 000508
i2strncmp@n                        cstackCOMRAM 000505
i2strncmp@r                        cstackCOMRAM 00050A
i2tolower@c                        cstackCOMRAM 000503
i2vfpfcnvrt@ap                     cstackBANK5  000596
i2vfpfcnvrt@c                      cstackCOMRAM 000555
i2vfpfcnvrt@ct                     cstackCOMRAM 000552
i2vfpfcnvrt@f                      cstackCOMRAM 00054E
i2vfpfcnvrt@fmt                    cstackBANK5  000594
i2vfpfcnvrt@fp                     cstackBANK5  000592
i2vfpfcnvrt@ll                     cstackCOMRAM 000546
i2vfprintf@ap                      cstackBANK5  00059C
i2vfprintf@cfmt                    cstackCOMRAM 000556
i2vfprintf@fmt                     cstackBANK5  00059A
i2vfprintf@fp                      cstackBANK5  000598
i2writeUsart@txData                cstackCOMRAM 000501
intlevel0                          text         000000
intlevel1                          text         000000
intlevel2                          text         000000
intlevel3                          text         000000
isa$std                            (abs)        000001
isa$xinst                          (abs)        000000
isdigit@c                          cstackBANK5  0005A0
isspace@c                          cstackBANK5  0005A0
isupper@c                          cstackBANK5  0005A0
ivt0x8_base                        ivt0x8       000008
ivt0x8_undefint                    ivt0x8       000100
main@count                         cstackBANK6  0006AA
main@potiValue                     cstackBANK6  0006AF
main@voltage                       cstackBANK6  0006AB
pad@buf                            cstackBANK5  0005B4
pad@fp                             cstackBANK5  0005B2
pad@i                              cstackBANK6  000601
pad@p                              cstackBANK5  0005B6
pad@w                              cstackBANK6  000603
printf@ap                          cstackBANK6  0006A6
printf@fmt                         cstackBANK6  00069E
putch@txData                       cstackBANK5  0005A1
readAdcvalue@channel               cstackBANK5  0005A4
stackhi                            (abs)        000000
stacklo                            (abs)        000000
start                              init         000102
start_initialization               cinit        00904C
strcpy@d                           cstackBANK5  0005A8
strcpy@dest                        cstackBANK5  0005A0
strcpy@s                           cstackBANK5  0005A6
strcpy@src                         cstackBANK5  0005A2
strlen@a                           cstackBANK5  0005A2
strlen@s                           cstackBANK5  0005A0
strncmp@_l                         cstackBANK5  0005A0
strncmp@_r                         cstackBANK5  0005A2
strncmp@l                          cstackBANK5  0005A7
strncmp@n                          cstackBANK5  0005A4
strncmp@r                          cstackBANK5  0005A9
tolower@c                          cstackBANK5  0005A6
vfpfcnvrt@ap                       cstackBANK6  000680
vfpfcnvrt@c                        cstackBANK6  000692
vfpfcnvrt@ct                       cstackBANK6  000693
vfpfcnvrt@f                        cstackBANK6  00068E
vfpfcnvrt@fmt                      cstackBANK6  00067E
vfpfcnvrt@fp                       cstackBANK6  00067C
vfpfcnvrt@ll                       cstackBANK6  000686
vfprintf@ap                        cstackBANK6  00069A
vfprintf@cfmt                      cstackBANK6  00069C
vfprintf@fmt                       cstackBANK6  000698
vfprintf@fp                        cstackBANK6  000696
writeUsart@txData                  cstackBANK5  0005A0


MODULE INFORMATION

Module		Function		Class		Link	Load	Size
C:\Program Files\Microchip\xc8\v2.36\pic\sources\c99\common\nf_fputs.c
		_fputs         		CODE           	8D0E	0000	72

C:\Program Files\Microchip\xc8\v2.36\pic\sources\c99\common\nf_fputs.c estimated size: 72

C:\Program Files\Microchip\xc8\v2.36\pic\sources\c99\common\printf.c
		_printf        		CODE           	913C	0000	40

C:\Program Files\Microchip\xc8\v2.36\pic\sources\c99\common\printf.c estimated size: 40

C:\Program Files\Microchip\xc8\v2.36\pic\sources\c99\common\aomod.c
		___aomod       		CODE           	76D0	0000	358

C:\Program Files\Microchip\xc8\v2.36\pic\sources\c99\common\aomod.c estimated size: 358

C:\Program Files\Microchip\xc8\v2.36\pic\sources\c99\common\strncmp.c
		_strncmp       		CODE           	80D2	0000	252

C:\Program Files\Microchip\xc8\v2.36\pic\sources\c99\common\strncmp.c estimated size: 252

C:\Program Files\Microchip\xc8\v2.36\pic\sources\c99\common\tolower.c
		_tolower       		CODE           	8C7E	0000	72

C:\Program Files\Microchip\xc8\v2.36\pic\sources\c99\common\tolower.c estimated size: 72

C:\Program Files\Microchip\xc8\v2.36\pic\sources\c99\common\__fpclassifyf.c
		___fpclassifyf 		CODE           	7ED4	0000	256

C:\Program Files\Microchip\xc8\v2.36\pic\sources\c99\common\__fpclassifyf.c estimated size: 256

C:\Program Files\Microchip\xc8\v2.36\pic\sources\c99\common\sprcmul.c
		___flmul       		CODE           	54AE	0000	1180

C:\Program Files\Microchip\xc8\v2.36\pic\sources\c99\common\sprcmul.c estimated size: 1180

C:\Program Files\Microchip\xc8\v2.36\pic\sources\c99\common\floorf.c
		_floorf        		CODE           	6AC2	0000	534

C:\Program Files\Microchip\xc8\v2.36\pic\sources\c99\common\floorf.c estimated size: 534

C:\Program Files\Microchip\xc8\v2.36\pic\sources\c99\common\sprcdiv.c
		___fldiv       		CODE           	5D98	0000	924

C:\Program Files\Microchip\xc8\v2.36\pic\sources\c99\common\sprcdiv.c estimated size: 924

C:\Program Files\Microchip\xc8\v2.36\pic\sources\c99\common\atoi.c
		_atoi          		CODE           	73D0	0000	386

C:\Program Files\Microchip\xc8\v2.36\pic\sources\c99\common\atoi.c estimated size: 386

C:\Program Files\Microchip\xc8\v2.36\pic\sources\c99\common\fleq.c
		___fleq        		CODE           	8752	0000	172

C:\Program Files\Microchip\xc8\v2.36\pic\sources\c99\common\fleq.c estimated size: 172

C:\Program Files\Microchip\xc8\v2.36\pic\sources\c99\common\awmod.c
		___awmod       		CODE           	85F0	0000	178

C:\Program Files\Microchip\xc8\v2.36\pic\sources\c99\common\awmod.c estimated size: 178

C:\Program Files\Microchip\xc8\v2.36\pic\sources\c99\common\isspace.c
		_isspace       		CODE           	8BD6	0000	84

C:\Program Files\Microchip\xc8\v2.36\pic\sources\c99\common\isspace.c estimated size: 84

C:\Program Files\Microchip\xc8\v2.36\pic\sources\c99\common\xxtofl.c
		___xxtofl      		CODE           	6EEA	0000	440

C:\Program Files\Microchip\xc8\v2.36\pic\sources\c99\common\xxtofl.c estimated size: 440

C:\Program Files\Microchip\xc8\v2.36\pic\sources\c99\common\strlen.c
		_strlen        		CODE           	8EEC	0000	62

C:\Program Files\Microchip\xc8\v2.36\pic\sources\c99\common\strlen.c estimated size: 62

C:\Program Files\Microchip\xc8\v2.36\pic\sources\c99\common\strcpy.c
		_strcpy        		CODE           	8AB2	0000	104

C:\Program Files\Microchip\xc8\v2.36\pic\sources\c99\common\strcpy.c estimated size: 104

C:\Program Files\Microchip\xc8\v2.36\pic\sources\c99\common\aodiv.c
		___aodiv       		CODE           	70A2	0000	422

C:\Program Files\Microchip\xc8\v2.36\pic\sources\c99\common\aodiv.c estimated size: 422

C:\Program Files\Microchip\xc8\v2.36\pic\sources\c99\common\nf_fputc.c
		_fputc         		CODE           	88A8	0000	152

C:\Program Files\Microchip\xc8\v2.36\pic\sources\c99\common\nf_fputc.c estimated size: 152

C:\Program Files\Microchip\xc8\v2.36\pic\sources\c99\common\isdigit.c
		_isdigit       		CODE           	8FD8	0000	58

C:\Program Files\Microchip\xc8\v2.36\pic\sources\c99\common\isdigit.c estimated size: 58

C:\Program Files\Microchip\xc8\v2.36\pic\sources\c99\common\sprcadd.c
		___flsub       		CODE           	8CC6	0000	72
		___fladd       		CODE           	4B2C	0000	1218

C:\Program Files\Microchip\xc8\v2.36\pic\sources\c99\common\sprcadd.c estimated size: 1290

C:\Program Files\Microchip\xc8\v2.36\pic\sources\c99\common\awdiv.c
		___awdiv       		CODE           	83A0	0000	198

C:\Program Files\Microchip\xc8\v2.36\pic\sources\c99\common\awdiv.c estimated size: 198

C:\Program Files\Microchip\xc8\v2.36\pic\sources\c99\common\doprnt.c
		_vfpfcnvrt     		CODE           	3EA0	0000	1620
		_efgtoa        		CODE           	2580	0000	3256
		_pad           		CODE           	82C8	0000	216
		_dtoa          		CODE           	64CE	0000	776
		_vfprintf      		CODE           	8A48	0000	106

C:\Program Files\Microchip\xc8\v2.36\pic\sources\c99\common\doprnt.c estimated size: 5974

C:\Program Files\Microchip\xc8\v2.36\pic\sources\c99\common\fltol.c
		___fltol       		CODE           	7ABC	0000	264

C:\Program Files\Microchip\xc8\v2.36\pic\sources\c99\common\fltol.c estimated size: 264

shared
		i2_printf      		CODE           	9164	0000	40
		i2_vfpfcnvrt   		CODE           	44F4	0000	1592
		i2_pad         		CODE           	8466	0000	198
		i2_atoi        		CODE           	7552	0000	382
		i2_abs         		CODE           	8EAC	0000	64
		i2_floorf      		CODE           	6CD8	0000	530
		i2_putch       		CODE           	91FE	0000	10
		i2___fleq      		CODE           	87FE	0000	170
		i2_writeUsart  		CODE           	91A6	0000	24
		i2_isspace     		CODE           	8E26	0000	68
		i2_strncmp     		CODE           	81CE	0000	250
		i2_vfprintf    		CODE           	89D6	0000	114
		i2_isdigit     		CODE           	920E	0000	2
		i2___flneg     		CODE           	9084	0000	56
		i2_strcpy      		CODE           	8B1A	0000	102
		i2___awdiv     		CODE           	852C	0000	196
		i2___fladd     		CODE           	4FEE	0000	1216
		i2___wmul      		CODE           	9112	0000	42
		i2_dtoa        		CODE           	67D6	0000	748
		i2___fldiv     		CODE           	6134	0000	922
		i2___fltol     		CODE           	7CCA	0000	262
		__initialization		CODE           	904C	0000	50
		i2___flge      		CODE           	7DD0	0000	260
		i2___awmod     		CODE           	86A2	0000	176
		i2___aodiv     		CODE           	7248	0000	392
		i2___flmul     		CODE           	594A	0000	1102
		i2___fpclassifyf		CODE           	7FD4	0000	254
		i2___flsub     		CODE           	8D9C	0000	70
		i2_efgtoa      		CODE           	3238	0000	3176
		i2_isupper     		CODE           	920C	0000	2
		i2___aomod     		CODE           	7836	0000	356
		i2_fputc       		CODE           	8940	0000	150
		i2_fputs       		CODE           	8DE2	0000	68
		i2_strlen      		CODE           	9012	0000	58
		i2_tolower     		CODE           	8D56	0000	70

shared estimated size: 13172

C:\Program Files\Microchip\xc8\v2.36\pic\sources\c99\common\abs.c
		_abs           		CODE           	8E6A	0000	66

C:\Program Files\Microchip\xc8\v2.36\pic\sources\c99\common\abs.c estimated size: 66

C:\Program Files\Microchip\xc8\v2.36\pic\sources\c99\common\flge.c
		___flge        		CODE           	7BC4	0000	262

C:\Program Files\Microchip\xc8\v2.36\pic\sources\c99\common\flge.c estimated size: 262

main.c
		_writeUsart    		CODE           	918C	0000	26
		_initSysClk    		CODE           	91F2	0000	12
		_putch         		CODE           	91E4	0000	14
		_INTERRUPT_InterruptMAnger		CODE           	8C2C	0000	82
		_main          		CODE           	799A	0000	290
		_initInterrupt 		CODE           	9208	0000	4
		_initPort      		CODE           	91D4	0000	16
		_adcc_ThresholdISR		CODE           	90E8	0000	42
		_initAdc       		CODE           	8B80	0000	86
		_initUsart     		CODE           	91BE	0000	22
		_readAdcvalue  		CODE           	8F2A	0000	58

main.c estimated size: 652

C:\Program Files\Microchip\xc8\v2.36\pic\sources\c99\common\Umul16.c
		___wmul        		CODE           	90BC	0000	44

C:\Program Files\Microchip\xc8\v2.36\pic\sources\c99\common\Umul16.c estimated size: 44

C:\Program Files\Microchip\xc8\v2.36\pic\sources\c99\common\flneg.c
		___flneg       		CODE           	8F9E	0000	58

C:\Program Files\Microchip\xc8\v2.36\pic\sources\c99\common\flneg.c estimated size: 58

C:\Program Files\Microchip\xc8\v2.36\pic\sources\c99\common\isupper.c
		_isupper       		CODE           	8F64	0000	58

C:\Program Files\Microchip\xc8\v2.36\pic\sources\c99\common\isupper.c estimated size: 58

